C251 COMPILER V5.60.0,  element                                                            08/05/22  22:49:14  PAGE 1   


C251 COMPILER V5.60.0, COMPILATION OF MODULE element
OBJECT MODULE PLACED IN .\Out_File\element.obj
COMPILER INVOKED BY: C:\Keil_v5\C251\BIN\C251.EXE ..\CODE\element.c XSMALL INTR2 WARNINGLEVEL(3) BROWSE INCDIR(..\..\Lib
                    -raries\libraries;..\..\Libraries\seekfree_libraries;..\..\Libraries\seekfree_peripheral;..\CODE;..\USER\inc;..\USER\src)
                    - DEBUG PRINT(.\Out_File\element.lst) OBJECT(.\Out_File\element.obj) 

stmt  level    source

    1          #include "headfile.h"
    2          
    3          
    4          int sideway_flag=0,cirque_flag=0;
    5          int side_cnt,d_cnt;
    6          
    7          void judge()
    8          {
    9   1          if(ad_value1>70&&ad_value1<90
   10   1             &&ad_value2>55&&ad_value2<75
   11   1             &&ad_value3>55&&ad_value3<75
   12   1             &&ad_value4>45&&ad_value4<60){
   13   2              
   14   2              bee = 0;
   15   2              
   16   2              if(sideway_flag == 0){
   17   3                  sideway_flag = 1;
   18   3              }
   19   2              
   20   2              if(side_cnt>5000){
   21   3                  sideway_flag++;
   22   3                  side_cnt=0;
   23   3              }
   24   2              
   25   2              if(sideway_flag>4){
   26   3                  sideway_flag=0;
   27   3              }
   28   2          }
   29   1          
   30   1          if(ad_value1>35&&ad_value1<45
   31   1          &&ad_value2>15&&ad_value2<30
   32   1          &&ad_value3>35&&ad_value3<45
   33   1          &&ad_value4>35&&ad_value4<55){ 
   34   2              
   35   2              bee = 0;
   36   2              
   37   2              if(sideway_flag == 0){
   38   3                  sideway_flag = 1;
   39   3              }
   40   2              
   41   2              if(side_cnt>4000){
   42   3                  sideway_flag++;
   43   3                  side_cnt=0;
   44   3              }
   45   2              
   46   2              if(sideway_flag>4){
   47   3                  sideway_flag=0;
   48   3              }
   49   2          }
   50   1      }
   51          
   52              
   53          void sideway()
   54          {
   55   1          switch(sideway_flag){
   56   2              case 1:
   57   2                  Steer_PWMoutput = 635;
C251 COMPILER V5.60.0,  element                                                            08/05/22  22:49:14  PAGE 2   

   58   2                  d_cnt++;
   59   2                  if(d_cnt == 750){
   60   3                      bee = 1;
   61   3                      sideway_flag = 2;
   62   3                      d_cnt = 0;
   63   3                  }
   64   2                  break;
   65   2                  
   66   2              case 3:
   67   2                  Steer_PWMoutput = 795;
   68   2                  d_cnt++;
   69   2                  if(d_cnt == 750){
   70   3                      bee = 1;
   71   3                      sideway_flag = 4;
   72   3                      d_cnt = 0;
   73   3                  }
   74   2                  break;
   75   2                  
   76   2      //        case 5:
   77   2      //            Steer_PWMoutput = 795;
   78   2      //            d_cnt++;
   79   2      //            if(d_cnt == 2000){
   80   2      //                sideway_flag = 6;
   81   2      //                d_cnt = 0;
   82   2      //            }
   83   2      //            break;
   84   2      //            
   85   2      //        case 7:
   86   2      //            Steer_PWMoutput = 795;
   87   2      //            d_cnt++;
   88   2      //            if(d_cnt == 2000){
   89   2      //                sideway_flag = 8;
   90   2      //                d_cnt = 0;
   91   2      //            }
   92   2      //            break;
   93   2                  
   94   2              default:
   95   2                  break;
   96   2          }
   97   1              
   98   1      }
   99          
  100          void cirque()
  101          {
  102   1          if(cirque_flag==1){
  103   2          }
  104   1          
  105   1      }
  106          
  107          int sz_flag,flag_0;
  108          void ccd_sz()
  109          {
  110   1              int i;
  111   1              
  112   1              for(i=0;i<128;i++)
  113   1           {
  114   2                               if(ccd_value[i]<200)
  115   2                               {
  116   3                                       break;
  117   3                               }
  118   2                               else if(i==127)
  119   2                               {
  120   3                                       flag_0 = 1;
  121   3                               }
  122   2                       }
  123   1              if(Lboundary_data<10&&Rboundary_data>120
C251 COMPILER V5.60.0,  element                                                            08/05/22  22:49:14  PAGE 3   

  124   1                      &&Lboundary_data2>40&&Rboundary_data2<80
  125   1                      &&flag_0 == 1)
  126   1                      {
  127   2                  bee = 0;
  128   2                              sz_flag =1 ;
  129   2                      }
  130   1                      
  131   1              if(sz_flag == 1)
  132   1              {
  133   2                      Steer_PWMoutput = 704;
  134   2      //    if(Lboundary_data>35&&Rboundary_data<105
  135   2      //                      &&Lboundary_data2>35&&Rboundary_data2<105)
  136   2                      if(road_width1<70&&road_width2<40)
  137   2                      {
  138   3                  bee = 1;
  139   3                              sz_flag = 0;
  140   3                              flag_0 = 0;
  141   3                      }
  142   2              }
  143   1      }
  144          
  145          int sc_flag = 0;
  146          void ccd_sc()
  147          {
  148   1              if(Broad_width2>20
  149   1      //        &&Lboundary_data<20&&Rboundary_data>103
  150   1                      &&sc_flag == 0
  151   1              &&Outside_black1>20&&Outside_black2<107)
  152   1          //中间黑30-90//如果黑道宽度大于20
  153   1          //左边黑线Outside_black1>15//右边黑线Outside_black2<112
  154   1              {
  155   2                       bee = 0;
  156   2                       sc_flag =1 ;
  157   2              }
  158   1              if(sc_flag == 1)
  159   1              {
  160   2                      Steer_PWMoutput = 765;
  161   2      //    if(Lboundary_data>35&&Rboundary_data<105
  162   2      //                      &&Lboundary_data2>35&&Rboundary_data2<105)
  163   2                      if(road_width1<70&&road_width2<40)
  164   2                      {
  165   3                              bee = 1;
  166   3                              sc_flag = 2;
  167   3                      }
  168   2              }
  169   1              
  170   1              
  171   1              if(Lboundary_data<15&&Rboundary_data>113
  172   1                      &&Broad_width2>15
  173   1                      &&sc_flag == 2)
  174   1              {
  175   2                       bee = 0;
  176   2                       sc_flag =3 ;
  177   2              }
  178   1              if(sc_flag == 3)
  179   1              {
  180   2                      Steer_PWMoutput = 765;
  181   2                      if(road_width1<70&&road_width2<40)
  182   2                      {
  183   3                              bee = 1;
  184   3                              sc_flag = 4;
  185   3                      }
  186   2              }
  187   1              
  188   1              if(Lboundary_data<15&&Rboundary_data>115
  189   1                      &&Broad_width2>15
C251 COMPILER V5.60.0,  element                                                            08/05/22  22:49:14  PAGE 4   

  190   1                      &&sc_flag == 4)
  191   1              {
  192   2                       bee = 0;
  193   2                       sc_flag =5 ;
  194   2              }
  195   1              if(sc_flag == 5)
  196   1              {
  197   2                      Steer_PWMoutput = 635;
  198   2      //    if(Lboundary_data>35&&Rboundary_data<105
  199   2      //                      &&Lboundary_data2>35&&Rboundary_data2<105)
  200   2                      if(road_width1<70&&road_width2<40)
  201   2                      {
  202   3                              bee = 1;
  203   3                              sc_flag = 6;
  204   3                      }
  205   2              }
  206   1              
  207   1              if(Lboundary_data<15&&Rboundary_data>115
  208   1                      &&Broad_width2>15
  209   1                      &&sc_flag == 6)
  210   1              {
  211   2                       bee = 0;
  212   2                       sc_flag = 7;
  213   2              }
  214   1          if(sc_flag == 7)
  215   1              {
  216   2                      Steer_PWMoutput = 635;
  217   2                      if(road_width1<70&&road_width2<40)
  218   2                      {
  219   3                              bee = 1;
  220   3                              sc_flag = 0;
  221   3                      }
  222   2              }
  223   1          
  224   1          if(sc_flag == 1||sc_flag == 2||sc_flag == 3
  225   1            ||sc_flag == 5||sc_flag == 6||sc_flag == 7)
  226   1          {
  227   2              Target_Speed = 140;
  228   2          }
  229   1      }


Module Information          Static   Overlayable
------------------------------------------------
  code size            =      1016     ------
  ecode size           =    ------     ------
  data size            =    ------     ------
  idata size           =    ------     ------
  pdata size           =    ------     ------
  xdata size           =    ------     ------
  xdata-const size     =    ------     ------
  edata size           =        14     ------
  bit size             =    ------     ------
  ebit size            =    ------     ------
  bitaddressable size  =    ------     ------
  ebitaddressable size =    ------     ------
  far data size        =    ------     ------
  huge data size       =    ------     ------
  const size           =    ------     ------
  hconst size          =        18     ------
End of Module Information.


C251 COMPILATION COMPLETE.  0 WARNING(S),  0 ERROR(S)
