C251 COMPILER V5.60.0,  key                                                                15/05/22  11:18:40  PAGE 1   


C251 COMPILER V5.60.0, COMPILATION OF MODULE key
OBJECT MODULE PLACED IN .\Out_File\key.obj
COMPILER INVOKED BY: C:\Keil_v5\C251\BIN\C251.EXE ..\CODE\key.c XSMALL INTR2 WARNINGLEVEL(3) BROWSE INCDIR(..\..\Librari
                    -es\libraries;..\..\Libraries\seekfree_libraries;..\..\Libraries\seekfree_peripheral;..\CODE;..\USER\inc;..\USER\src) DEB
                    -UG PRINT(.\Out_File\key.lst) OBJECT(.\Out_File\key.obj) 

stmt  level    source

    1          #include "headfile.h"
    2          
    3          int pwm;
    4          
    5          //拨码开关
    6          uint8 key1_boma=0;
    7          uint8 key2_boma=0;
    8          uint8 key3_boma=0;
    9          uint8 key4_boma=0;
   10          
   11          ///*按键去抖函数——> 返回值：按下返回 1 ，否则返回 0 */
   12          //uint8 Read_Key_Q(gpio_pin_enum key)
   13          //{
   14          //    if(gpio_get_level(key) == 0)
   15          //    {
   16          //        system_delay(10);//延迟10Ms
   17          //        if( gpio_get_level(key) == 0)
   18          //        {
   19          //            while(gpio_get_level(key) == 0);
   20          //            return 1;
   21          //        }
   22          //    }
   23          //    return 0;
   24          //}
   25          
   26          /***************拨码开关**************/
   27          //void boma_set(void)
   28          //{
   29          //    //拨码开关
   30          //    key1_boma  =  gpio_get_level(SW1);
   31          //    key2_boma  =  gpio_get_level(SW2);
   32          //}


Module Information          Static   Overlayable
------------------------------------------------
  code size            =    ------     ------
  ecode size           =    ------     ------
  data size            =    ------     ------
  idata size           =    ------     ------
  pdata size           =    ------     ------
  xdata size           =    ------     ------
  xdata-const size     =    ------     ------
  edata size           =         6     ------
  bit size             =    ------     ------
  ebit size            =    ------     ------
  bitaddressable size  =    ------     ------
  ebitaddressable size =    ------     ------
  far data size        =    ------     ------
  huge data size       =    ------     ------
  const size           =    ------     ------
  hconst size          =        20     ------
End of Module Information.


C251 COMPILATION COMPLETE.  0 WARNING(S),  0 ERROR(S)
