C251 COMPILER V5.60.0,  main                                                               15/05/22  11:18:39  PAGE 1   


C251 COMPILER V5.60.0, COMPILATION OF MODULE main
OBJECT MODULE PLACED IN .\Out_File\main.obj
COMPILER INVOKED BY: C:\Keil_v5\C251\BIN\C251.EXE ..\USER\src\main.c XSMALL INTR2 WARNINGLEVEL(3) BROWSE INCDIR(..\..\Li
                    -braries\libraries;..\..\Libraries\seekfree_libraries;..\..\Libraries\seekfree_peripheral;..\CODE;..\USER\inc;..\USER\src
                    -) DEBUG PRINT(.\Out_File\main.lst) OBJECT(.\Out_File\main.obj) 

stmt  level    source

    1          #include "headfile.h"
    2          
    3          
    4          uint8 send_test_dat[] = "wireless ch573 demo\r\n";
    5          
    6          void main()
    7          {
    8   1              DisableGlobalIRQ();
    9   1          sys_clk = 30000000;     //设置系统频率为30MHz
   10   1              board_init();
   11   1          
   12   1              init();
   13   1              EnableGlobalIRQ();
   14   1          while(1)
   15   1              {              
   16   2              Key_Driver();
   17   2      //        wireless_ch573_send_buff(send_test_dat, sizeof(send_test_dat)); //初始化正常 输出测试信息  
   18   2      //              P52 = 0;        
   19   2              //delay_ms(1000);        
   20   2              //bee = 0;
   21   2              //NiMing(encoder_left, encoder_right, Right_Duty, Left_Duty, Target_Speed);
   22   2              //ccd_up();
   23   2              //VCAN();
   24   2              //wx_key();
   25   2          }
   26   1      }
   27          


Module Information          Static   Overlayable
------------------------------------------------
  code size            =        29     ------
  ecode size           =    ------     ------
  data size            =    ------     ------
  idata size           =    ------     ------
  pdata size           =    ------     ------
  xdata size           =    ------     ------
  xdata-const size     =    ------     ------
  edata size           =        22     ------
  bit size             =    ------     ------
  ebit size            =    ------     ------
  bitaddressable size  =    ------     ------
  ebitaddressable size =    ------     ------
  far data size        =    ------     ------
  huge data size       =    ------     ------
  const size           =    ------     ------
  hconst size          =        26     ------
End of Module Information.


C251 COMPILATION COMPLETE.  0 WARNING(S),  0 ERROR(S)
